Archive member included to satisfy reference by file (symbol)

/usr/lib/gcc/avr/5.4.0/../../../avr/lib/avr5/libprintf_flt.a(vfprintf_flt.o)
                              (vfprintf)
/usr/lib/gcc/avr/5.4.0/../../../avr/lib/avr5/libm.a(fixunssfsi.o)
                              main.o (__fixunssfsi)
/usr/lib/gcc/avr/5.4.0/../../../avr/lib/avr5/libm.a(floatsisf.o)
                              main.o (__floatsisf)
/usr/lib/gcc/avr/5.4.0/../../../avr/lib/avr5/libm.a(fp_split3.o)
                              /usr/lib/gcc/avr/5.4.0/../../../avr/lib/avr5/libm.a(fixunssfsi.o) (__fp_splitA)
/usr/lib/gcc/avr/5.4.0/../../../avr/lib/avr5/libm.a(fp_zero.o)
                              /usr/lib/gcc/avr/5.4.0/../../../avr/lib/avr5/libm.a(fixunssfsi.o) (__fp_zero)
/usr/lib/gcc/avr/5.4.0/avr5/libgcc.a(_udivmodqi4.o)
                              main.o (__udivmodqi4)
/usr/lib/gcc/avr/5.4.0/avr5/libgcc.a(_exit.o)
                              /usr/lib/gcc/avr/5.4.0/../../../avr/lib/avr5/crtatmega32.o (exit)
/usr/lib/gcc/avr/5.4.0/avr5/libgcc.a(_copy_data.o)
                              main.o (__do_copy_data)
/usr/lib/gcc/avr/5.4.0/avr5/libgcc.a(_clear_bss.o)
                              main.o (__do_clear_bss)
/usr/lib/gcc/avr/5.4.0/avr5/libgcc.a(_prologue.o)
                              /usr/lib/gcc/avr/5.4.0/../../../avr/lib/avr5/libprintf_flt.a(vfprintf_flt.o) (__prologue_saves__)
/usr/lib/gcc/avr/5.4.0/avr5/libgcc.a(_epilogue.o)
                              /usr/lib/gcc/avr/5.4.0/../../../avr/lib/avr5/libprintf_flt.a(vfprintf_flt.o) (__epilogue_restores__)
/usr/lib/gcc/avr/5.4.0/../../../avr/lib/avr5/libc.a(strtod.o)
                              main.o (strtod)
/usr/lib/gcc/avr/5.4.0/../../../avr/lib/avr5/libc.a(ftoa_engine.o)
                              /usr/lib/gcc/avr/5.4.0/../../../avr/lib/avr5/libprintf_flt.a(vfprintf_flt.o) (__ftoa_engine)
/usr/lib/gcc/avr/5.4.0/../../../avr/lib/avr5/libc.a(isspace.o)
                              /usr/lib/gcc/avr/5.4.0/../../../avr/lib/avr5/libc.a(strtod.o) (isspace)
/usr/lib/gcc/avr/5.4.0/../../../avr/lib/avr5/libc.a(strncasecmp_P.o)
                              /usr/lib/gcc/avr/5.4.0/../../../avr/lib/avr5/libc.a(strtod.o) (strncasecmp_P)
/usr/lib/gcc/avr/5.4.0/../../../avr/lib/avr5/libc.a(strnlen_P.o)
                              /usr/lib/gcc/avr/5.4.0/../../../avr/lib/avr5/libprintf_flt.a(vfprintf_flt.o) (strnlen_P)
/usr/lib/gcc/avr/5.4.0/../../../avr/lib/avr5/libc.a(strncmp.o)
                              main.o (strncmp)
/usr/lib/gcc/avr/5.4.0/../../../avr/lib/avr5/libc.a(strnlen.o)
                              /usr/lib/gcc/avr/5.4.0/../../../avr/lib/avr5/libprintf_flt.a(vfprintf_flt.o) (strnlen)
/usr/lib/gcc/avr/5.4.0/../../../avr/lib/avr5/libc.a(fputc.o)
                              /usr/lib/gcc/avr/5.4.0/../../../avr/lib/avr5/libprintf_flt.a(vfprintf_flt.o) (fputc)
/usr/lib/gcc/avr/5.4.0/../../../avr/lib/avr5/libc.a(sprintf.o)
                              rs232.o (sprintf)
/usr/lib/gcc/avr/5.4.0/../../../avr/lib/avr5/libc.a(ultoa_invert.o)
                              /usr/lib/gcc/avr/5.4.0/../../../avr/lib/avr5/libprintf_flt.a(vfprintf_flt.o) (__ultoa_invert)
/usr/lib/gcc/avr/5.4.0/../../../avr/lib/avr5/libc.a(cmpsf2.o)
                              /usr/lib/gcc/avr/5.4.0/../../../avr/lib/avr5/libc.a(strtod.o) (__eqsf2)
/usr/lib/gcc/avr/5.4.0/../../../avr/lib/avr5/libc.a(fp_cmp.o)
                              /usr/lib/gcc/avr/5.4.0/../../../avr/lib/avr5/libc.a(cmpsf2.o) (__fp_cmp)
/usr/lib/gcc/avr/5.4.0/../../../avr/lib/avr5/libc.a(mulsf3.o)
                              /usr/lib/gcc/avr/5.4.0/../../../avr/lib/avr5/libc.a(strtod.o) (__mulsf3)
/usr/lib/gcc/avr/5.4.0/../../../avr/lib/avr5/libc.a(mulsf3x.o)
                              /usr/lib/gcc/avr/5.4.0/../../../avr/lib/avr5/libc.a(mulsf3.o) (__mulsf3x)
/usr/lib/gcc/avr/5.4.0/../../../avr/lib/avr5/libc.a(errno.o)
                              /usr/lib/gcc/avr/5.4.0/../../../avr/lib/avr5/libc.a(strtod.o) (errno)
/usr/lib/gcc/avr/5.4.0/../../../avr/lib/avr5/libc.a(cty_isfalse.o)
                              /usr/lib/gcc/avr/5.4.0/../../../avr/lib/avr5/libc.a(isspace.o) (__ctype_isfalse)
/usr/lib/gcc/avr/5.4.0/../../../avr/lib/avr5/libc.a(fp_inf.o)
                              /usr/lib/gcc/avr/5.4.0/../../../avr/lib/avr5/libc.a(mulsf3x.o) (__fp_inf)
/usr/lib/gcc/avr/5.4.0/../../../avr/lib/avr5/libc.a(fp_nan.o)
                              /usr/lib/gcc/avr/5.4.0/../../../avr/lib/avr5/libc.a(mulsf3x.o) (__fp_nan)
/usr/lib/gcc/avr/5.4.0/../../../avr/lib/avr5/libc.a(fp_pscA.o)
                              /usr/lib/gcc/avr/5.4.0/../../../avr/lib/avr5/libc.a(mulsf3x.o) (__fp_pscA)
/usr/lib/gcc/avr/5.4.0/../../../avr/lib/avr5/libc.a(fp_pscB.o)
                              /usr/lib/gcc/avr/5.4.0/../../../avr/lib/avr5/libc.a(mulsf3x.o) (__fp_pscB)
/usr/lib/gcc/avr/5.4.0/../../../avr/lib/avr5/libc.a(fp_round.o)
                              /usr/lib/gcc/avr/5.4.0/../../../avr/lib/avr5/libc.a(mulsf3.o) (__fp_round)
/usr/lib/gcc/avr/5.4.0/avr5/libgcc.a(_muluhisi3.o)
                              /usr/lib/gcc/avr/5.4.0/../../../avr/lib/avr5/libc.a(strtod.o) (__muluhisi3)
/usr/lib/gcc/avr/5.4.0/avr5/libgcc.a(_umulhisi3.o)
                              /usr/lib/gcc/avr/5.4.0/avr5/libgcc.a(_muluhisi3.o) (__umulhisi3)

Allocating common symbols
Common symbol       size              file

errno               0x2               /usr/lib/gcc/avr/5.4.0/../../../avr/lib/avr5/libc.a(errno.o)
buf_out             0x50              rs232.o
bufor               0x50              rs232.o
psend               0x2               rs232.o
indeks              0x1               rs232.o

Memory Configuration

Name             Origin             Length             Attributes
text             0x0000000000000000 0x0000000000020000 xr
data             0x0000000000800060 0x000000000000ffa0 rw !x
eeprom           0x0000000000810000 0x0000000000010000 rw !x
fuse             0x0000000000820000 0x0000000000000002 rw !x
lock             0x0000000000830000 0x0000000000000400 rw !x
signature        0x0000000000840000 0x0000000000000400 rw !x
user_signatures  0x0000000000850000 0x0000000000000400 rw !x
*default*        0x0000000000000000 0xffffffffffffffff

Linker script and memory map

LOAD /usr/lib/gcc/avr/5.4.0/../../../avr/lib/avr5/crtatmega32.o
LOAD main.o
LOAD rs232.o
LOAD /usr/lib/gcc/avr/5.4.0/../../../avr/lib/avr5/libprintf_flt.a
LOAD /usr/lib/gcc/avr/5.4.0/../../../avr/lib/avr5/libm.a
START GROUP
LOAD /usr/lib/gcc/avr/5.4.0/avr5/libgcc.a
LOAD /usr/lib/gcc/avr/5.4.0/../../../avr/lib/avr5/libm.a
LOAD /usr/lib/gcc/avr/5.4.0/../../../avr/lib/avr5/libc.a
LOAD /usr/lib/gcc/avr/5.4.0/../../../avr/lib/avr5/libatmega32.a
END GROUP
                0x0000000000000000                __TEXT_REGION_ORIGIN__ = DEFINED (__TEXT_REGION_ORIGIN__)?__TEXT_REGION_ORIGIN__:0x0
                0x0000000000800060                __DATA_REGION_ORIGIN__ = DEFINED (__DATA_REGION_ORIGIN__)?__DATA_REGION_ORIGIN__:0x800060
                0x0000000000020000                __TEXT_REGION_LENGTH__ = DEFINED (__TEXT_REGION_LENGTH__)?__TEXT_REGION_LENGTH__:0x20000
                0x000000000000ffa0                __DATA_REGION_LENGTH__ = DEFINED (__DATA_REGION_LENGTH__)?__DATA_REGION_LENGTH__:0xffa0
                0x0000000000010000                __EEPROM_REGION_LENGTH__ = DEFINED (__EEPROM_REGION_LENGTH__)?__EEPROM_REGION_LENGTH__:0x10000
                [0x0000000000000002]                __FUSE_REGION_LENGTH__ = DEFINED (__FUSE_REGION_LENGTH__)?__FUSE_REGION_LENGTH__:0x400
                0x0000000000000400                __LOCK_REGION_LENGTH__ = DEFINED (__LOCK_REGION_LENGTH__)?__LOCK_REGION_LENGTH__:0x400
                0x0000000000000400                __SIGNATURE_REGION_LENGTH__ = DEFINED (__SIGNATURE_REGION_LENGTH__)?__SIGNATURE_REGION_LENGTH__:0x400
                0x0000000000000400                __USER_SIGNATURE_REGION_LENGTH__ = DEFINED (__USER_SIGNATURE_REGION_LENGTH__)?__USER_SIGNATURE_REGION_LENGTH__:0x400

.hash
 *(.hash)

.dynsym
 *(.dynsym)

.dynstr
 *(.dynstr)

.gnu.version
 *(.gnu.version)

.gnu.version_d
 *(.gnu.version_d)

.gnu.version_r
 *(.gnu.version_r)

.rel.init
 *(.rel.init)

.rela.init
 *(.rela.init)

.rel.text
 *(.rel.text)
 *(.rel.text.*)
 *(.rel.gnu.linkonce.t*)

.rela.text
 *(.rela.text)
 *(.rela.text.*)
 *(.rela.gnu.linkonce.t*)

.rel.fini
 *(.rel.fini)

.rela.fini
 *(.rela.fini)

.rel.rodata
 *(.rel.rodata)
 *(.rel.rodata.*)
 *(.rel.gnu.linkonce.r*)

.rela.rodata
 *(.rela.rodata)
 *(.rela.rodata.*)
 *(.rela.gnu.linkonce.r*)

.rel.data
 *(.rel.data)
 *(.rel.data.*)
 *(.rel.gnu.linkonce.d*)

.rela.data
 *(.rela.data)
 *(.rela.data.*)
 *(.rela.gnu.linkonce.d*)

.rel.ctors
 *(.rel.ctors)

.rela.ctors
 *(.rela.ctors)

.rel.dtors
 *(.rel.dtors)

.rela.dtors
 *(.rela.dtors)

.rel.got
 *(.rel.got)

.rela.got
 *(.rela.got)

.rel.bss
 *(.rel.bss)

.rela.bss
 *(.rela.bss)

.rel.plt
 *(.rel.plt)

.rela.plt
 *(.rela.plt)

.text           0x0000000000000000     0x151c
 *(.vectors)
 .vectors       0x0000000000000000       0x54 /usr/lib/gcc/avr/5.4.0/../../../avr/lib/avr5/crtatmega32.o
                0x0000000000000000                __vectors
                0x0000000000000000                __vector_default
 *(.vectors)
 *(.progmem.gcc*)
                0x0000000000000054                . = ALIGN (0x2)
                0x0000000000000054                __trampolines_start = .
 *(.trampolines)
 .trampolines   0x0000000000000054        0x0 linker stubs
 *(.trampolines*)
                0x0000000000000054                __trampolines_end = .
 *libprintf_flt.a:*(.progmem.data)
 .progmem.data  0x0000000000000054        0x8 /usr/lib/gcc/avr/5.4.0/../../../avr/lib/avr5/libprintf_flt.a(vfprintf_flt.o)
 *libc.a:*(.progmem.data)
 .progmem.data  0x000000000000005c       0x3b /usr/lib/gcc/avr/5.4.0/../../../avr/lib/avr5/libc.a(strtod.o)
 .progmem.data  0x0000000000000097       0xfa /usr/lib/gcc/avr/5.4.0/../../../avr/lib/avr5/libc.a(ftoa_engine.o)
 *(.progmem*)
                0x0000000000000192                . = ALIGN (0x2)
 *fill*         0x0000000000000191        0x1 
 *(.jumptables)
 *(.jumptables*)
 *(.lowtext)
 *(.lowtext*)
                0x0000000000000192                __ctors_start = .
 *(.ctors)
                0x0000000000000192                __ctors_end = .
                0x0000000000000192                __dtors_start = .
 *(.dtors)
                0x0000000000000192                __dtors_end = .
 SORT(*)(.ctors)
 SORT(*)(.dtors)
 *(.init0)
 .init0         0x0000000000000192        0x0 /usr/lib/gcc/avr/5.4.0/../../../avr/lib/avr5/crtatmega32.o
                0x0000000000000192                __init
 *(.init0)
 *(.init1)
 *(.init1)
 *(.init2)
 .init2         0x0000000000000192        0xc /usr/lib/gcc/avr/5.4.0/../../../avr/lib/avr5/crtatmega32.o
 *(.init2)
 *(.init3)
 *(.init3)
 *(.init4)
 .init4         0x000000000000019e       0x16 /usr/lib/gcc/avr/5.4.0/avr5/libgcc.a(_copy_data.o)
                0x000000000000019e                __do_copy_data
 .init4         0x00000000000001b4       0x10 /usr/lib/gcc/avr/5.4.0/avr5/libgcc.a(_clear_bss.o)
                0x00000000000001b4                __do_clear_bss
 *(.init4)
 *(.init5)
 *(.init5)
 *(.init6)
 *(.init6)
 *(.init7)
 *(.init7)
 *(.init8)
 *(.init8)
 *(.init9)
 .init9         0x00000000000001c4        0x8 /usr/lib/gcc/avr/5.4.0/../../../avr/lib/avr5/crtatmega32.o
 *(.init9)
 *(.text)
 .text          0x00000000000001cc        0x4 /usr/lib/gcc/avr/5.4.0/../../../avr/lib/avr5/crtatmega32.o
                0x00000000000001cc                __vector_1
                0x00000000000001cc                __vector_12
                0x00000000000001cc                __bad_interrupt
                0x00000000000001cc                __vector_6
                0x00000000000001cc                __vector_3
                0x00000000000001cc                __vector_11
                0x00000000000001cc                __vector_17
                0x00000000000001cc                __vector_19
                0x00000000000001cc                __vector_5
                0x00000000000001cc                __vector_4
                0x00000000000001cc                __vector_9
                0x00000000000001cc                __vector_2
                0x00000000000001cc                __vector_15
                0x00000000000001cc                __vector_8
                0x00000000000001cc                __vector_10
                0x00000000000001cc                __vector_16
                0x00000000000001cc                __vector_18
                0x00000000000001cc                __vector_20
 .text          0x00000000000001d0       0x1a main.o
                0x00000000000001d0                __vector_7
 .text          0x00000000000001ea      0x162 rs232.o
                0x000000000000020e                __vector_13
                0x0000000000000286                __vector_14
                0x00000000000002d0                USART_init
                0x00000000000002de                USART_send
                0x00000000000002f8                ack
                0x0000000000000300                send_double
                0x0000000000000334                reset_buffer
 .text          0x000000000000034c        0x0 /usr/lib/gcc/avr/5.4.0/../../../avr/lib/avr5/libprintf_flt.a(vfprintf_flt.o)
 .text          0x000000000000034c        0x0 /usr/lib/gcc/avr/5.4.0/../../../avr/lib/avr5/libm.a(fixunssfsi.o)
 .text          0x000000000000034c        0x0 /usr/lib/gcc/avr/5.4.0/../../../avr/lib/avr5/libm.a(floatsisf.o)
 .text          0x000000000000034c        0x0 /usr/lib/gcc/avr/5.4.0/../../../avr/lib/avr5/libm.a(fp_split3.o)
 .text          0x000000000000034c        0x0 /usr/lib/gcc/avr/5.4.0/../../../avr/lib/avr5/libm.a(fp_zero.o)
 .text          0x000000000000034c        0x0 /usr/lib/gcc/avr/5.4.0/avr5/libgcc.a(_udivmodqi4.o)
 .text          0x000000000000034c        0x0 /usr/lib/gcc/avr/5.4.0/avr5/libgcc.a(_exit.o)
 .text          0x000000000000034c        0x0 /usr/lib/gcc/avr/5.4.0/avr5/libgcc.a(_copy_data.o)
 .text          0x000000000000034c        0x0 /usr/lib/gcc/avr/5.4.0/avr5/libgcc.a(_clear_bss.o)
 .text          0x000000000000034c        0x0 /usr/lib/gcc/avr/5.4.0/avr5/libgcc.a(_prologue.o)
 .text          0x000000000000034c        0x0 /usr/lib/gcc/avr/5.4.0/avr5/libgcc.a(_epilogue.o)
 .text          0x000000000000034c        0x0 /usr/lib/gcc/avr/5.4.0/../../../avr/lib/avr5/libc.a(strtod.o)
 .text          0x000000000000034c        0x0 /usr/lib/gcc/avr/5.4.0/../../../avr/lib/avr5/libc.a(ftoa_engine.o)
 .text          0x000000000000034c        0x0 /usr/lib/gcc/avr/5.4.0/../../../avr/lib/avr5/libc.a(isspace.o)
 .text          0x000000000000034c        0x0 /usr/lib/gcc/avr/5.4.0/../../../avr/lib/avr5/libc.a(strncasecmp_P.o)
 .text          0x000000000000034c        0x0 /usr/lib/gcc/avr/5.4.0/../../../avr/lib/avr5/libc.a(strnlen_P.o)
 .text          0x000000000000034c        0x0 /usr/lib/gcc/avr/5.4.0/../../../avr/lib/avr5/libc.a(strncmp.o)
 .text          0x000000000000034c        0x0 /usr/lib/gcc/avr/5.4.0/../../../avr/lib/avr5/libc.a(strnlen.o)
 .text          0x000000000000034c        0x0 /usr/lib/gcc/avr/5.4.0/../../../avr/lib/avr5/libc.a(fputc.o)
 .text          0x000000000000034c        0x0 /usr/lib/gcc/avr/5.4.0/../../../avr/lib/avr5/libc.a(sprintf.o)
 .text          0x000000000000034c        0x0 /usr/lib/gcc/avr/5.4.0/../../../avr/lib/avr5/libc.a(ultoa_invert.o)
 .text          0x000000000000034c        0x0 /usr/lib/gcc/avr/5.4.0/../../../avr/lib/avr5/libc.a(cmpsf2.o)
 .text          0x000000000000034c        0x0 /usr/lib/gcc/avr/5.4.0/../../../avr/lib/avr5/libc.a(fp_cmp.o)
 .text          0x000000000000034c        0x0 /usr/lib/gcc/avr/5.4.0/../../../avr/lib/avr5/libc.a(mulsf3.o)
 .text          0x000000000000034c        0x0 /usr/lib/gcc/avr/5.4.0/../../../avr/lib/avr5/libc.a(mulsf3x.o)
 .text          0x000000000000034c        0x0 /usr/lib/gcc/avr/5.4.0/../../../avr/lib/avr5/libc.a(errno.o)
 .text          0x000000000000034c        0x0 /usr/lib/gcc/avr/5.4.0/../../../avr/lib/avr5/libc.a(cty_isfalse.o)
 .text          0x000000000000034c        0x0 /usr/lib/gcc/avr/5.4.0/../../../avr/lib/avr5/libc.a(fp_inf.o)
 .text          0x000000000000034c        0x0 /usr/lib/gcc/avr/5.4.0/../../../avr/lib/avr5/libc.a(fp_nan.o)
 .text          0x000000000000034c        0x0 /usr/lib/gcc/avr/5.4.0/../../../avr/lib/avr5/libc.a(fp_pscA.o)
 .text          0x000000000000034c        0x0 /usr/lib/gcc/avr/5.4.0/../../../avr/lib/avr5/libc.a(fp_pscB.o)
 .text          0x000000000000034c        0x0 /usr/lib/gcc/avr/5.4.0/../../../avr/lib/avr5/libc.a(fp_round.o)
 .text          0x000000000000034c        0x0 /usr/lib/gcc/avr/5.4.0/avr5/libgcc.a(_muluhisi3.o)
 .text          0x000000000000034c        0x0 /usr/lib/gcc/avr/5.4.0/avr5/libgcc.a(_umulhisi3.o)
                0x000000000000034c                . = ALIGN (0x2)
 *(.text.*)
 .text.startup  0x000000000000034c      0x11e main.o
                0x000000000000034c                main
 .text.avr-libc
                0x000000000000046a      0x6fa /usr/lib/gcc/avr/5.4.0/../../../avr/lib/avr5/libprintf_flt.a(vfprintf_flt.o)
                0x000000000000046a                vfprintf
 .text.avr-libc.fplib
                0x0000000000000b64       0x5e /usr/lib/gcc/avr/5.4.0/../../../avr/lib/avr5/libm.a(fixunssfsi.o)
                0x0000000000000b64                __fixunssfsi
 .text.avr-libc.fplib
                0x0000000000000bc2       0x7a /usr/lib/gcc/avr/5.4.0/../../../avr/lib/avr5/libm.a(floatsisf.o)
                0x0000000000000bc2                __floatunsisf
                0x0000000000000bc6                __floatsisf
 .text.avr-libc.fplib
                0x0000000000000c3c       0x44 /usr/lib/gcc/avr/5.4.0/../../../avr/lib/avr5/libm.a(fp_split3.o)
                0x0000000000000c3c                __fp_split3
                0x0000000000000c4c                __fp_splitA
 .text.avr-libc.fplib
                0x0000000000000c80        0xe /usr/lib/gcc/avr/5.4.0/../../../avr/lib/avr5/libm.a(fp_zero.o)
                0x0000000000000c80                __fp_zero
                0x0000000000000c82                __fp_szero
 .text.libgcc.mul
                0x0000000000000c8e        0x0 /usr/lib/gcc/avr/5.4.0/avr5/libgcc.a(_udivmodqi4.o)
 .text.libgcc.div
                0x0000000000000c8e       0x18 /usr/lib/gcc/avr/5.4.0/avr5/libgcc.a(_udivmodqi4.o)
                0x0000000000000c8e                __udivmodqi4
 .text.libgcc   0x0000000000000ca6        0x0 /usr/lib/gcc/avr/5.4.0/avr5/libgcc.a(_udivmodqi4.o)
 .text.libgcc.prologue
                0x0000000000000ca6        0x0 /usr/lib/gcc/avr/5.4.0/avr5/libgcc.a(_udivmodqi4.o)
 .text.libgcc.builtins
                0x0000000000000ca6        0x0 /usr/lib/gcc/avr/5.4.0/avr5/libgcc.a(_udivmodqi4.o)
 .text.libgcc.fmul
                0x0000000000000ca6        0x0 /usr/lib/gcc/avr/5.4.0/avr5/libgcc.a(_udivmodqi4.o)
 .text.libgcc.fixed
                0x0000000000000ca6        0x0 /usr/lib/gcc/avr/5.4.0/avr5/libgcc.a(_udivmodqi4.o)
 .text.libgcc.mul
                0x0000000000000ca6        0x0 /usr/lib/gcc/avr/5.4.0/avr5/libgcc.a(_exit.o)
 .text.libgcc.div
                0x0000000000000ca6        0x0 /usr/lib/gcc/avr/5.4.0/avr5/libgcc.a(_exit.o)
 .text.libgcc   0x0000000000000ca6        0x0 /usr/lib/gcc/avr/5.4.0/avr5/libgcc.a(_exit.o)
 .text.libgcc.prologue
                0x0000000000000ca6        0x0 /usr/lib/gcc/avr/5.4.0/avr5/libgcc.a(_exit.o)
 .text.libgcc.builtins
                0x0000000000000ca6        0x0 /usr/lib/gcc/avr/5.4.0/avr5/libgcc.a(_exit.o)
 .text.libgcc.fmul
                0x0000000000000ca6        0x0 /usr/lib/gcc/avr/5.4.0/avr5/libgcc.a(_exit.o)
 .text.libgcc.fixed
                0x0000000000000ca6        0x0 /usr/lib/gcc/avr/5.4.0/avr5/libgcc.a(_exit.o)
 .text.libgcc.mul
                0x0000000000000ca6        0x0 /usr/lib/gcc/avr/5.4.0/avr5/libgcc.a(_copy_data.o)
 .text.libgcc.div
                0x0000000000000ca6        0x0 /usr/lib/gcc/avr/5.4.0/avr5/libgcc.a(_copy_data.o)
 .text.libgcc   0x0000000000000ca6        0x0 /usr/lib/gcc/avr/5.4.0/avr5/libgcc.a(_copy_data.o)
 .text.libgcc.prologue
                0x0000000000000ca6        0x0 /usr/lib/gcc/avr/5.4.0/avr5/libgcc.a(_copy_data.o)
 .text.libgcc.builtins
                0x0000000000000ca6        0x0 /usr/lib/gcc/avr/5.4.0/avr5/libgcc.a(_copy_data.o)
 .text.libgcc.fmul
                0x0000000000000ca6        0x0 /usr/lib/gcc/avr/5.4.0/avr5/libgcc.a(_copy_data.o)
 .text.libgcc.fixed
                0x0000000000000ca6        0x0 /usr/lib/gcc/avr/5.4.0/avr5/libgcc.a(_copy_data.o)
 .text.libgcc.mul
                0x0000000000000ca6        0x0 /usr/lib/gcc/avr/5.4.0/avr5/libgcc.a(_clear_bss.o)
 .text.libgcc.div
                0x0000000000000ca6        0x0 /usr/lib/gcc/avr/5.4.0/avr5/libgcc.a(_clear_bss.o)
 .text.libgcc   0x0000000000000ca6        0x0 /usr/lib/gcc/avr/5.4.0/avr5/libgcc.a(_clear_bss.o)
 .text.libgcc.prologue
                0x0000000000000ca6        0x0 /usr/lib/gcc/avr/5.4.0/avr5/libgcc.a(_clear_bss.o)
 .text.libgcc.builtins
                0x0000000000000ca6        0x0 /usr/lib/gcc/avr/5.4.0/avr5/libgcc.a(_clear_bss.o)
 .text.libgcc.fmul
                0x0000000000000ca6        0x0 /usr/lib/gcc/avr/5.4.0/avr5/libgcc.a(_clear_bss.o)
 .text.libgcc.fixed
                0x0000000000000ca6        0x0 /usr/lib/gcc/avr/5.4.0/avr5/libgcc.a(_clear_bss.o)
 .text.libgcc.mul
                0x0000000000000ca6        0x0 /usr/lib/gcc/avr/5.4.0/avr5/libgcc.a(_prologue.o)
 .text.libgcc.div
                0x0000000000000ca6        0x0 /usr/lib/gcc/avr/5.4.0/avr5/libgcc.a(_prologue.o)
 .text.libgcc   0x0000000000000ca6        0x0 /usr/lib/gcc/avr/5.4.0/avr5/libgcc.a(_prologue.o)
 .text.libgcc.prologue
                0x0000000000000ca6       0x38 /usr/lib/gcc/avr/5.4.0/avr5/libgcc.a(_prologue.o)
                0x0000000000000ca6                __prologue_saves__
 .text.libgcc.builtins
                0x0000000000000cde        0x0 /usr/lib/gcc/avr/5.4.0/avr5/libgcc.a(_prologue.o)
 .text.libgcc.fmul
                0x0000000000000cde        0x0 /usr/lib/gcc/avr/5.4.0/avr5/libgcc.a(_prologue.o)
 .text.libgcc.fixed
                0x0000000000000cde        0x0 /usr/lib/gcc/avr/5.4.0/avr5/libgcc.a(_prologue.o)
 .text.libgcc.mul
                0x0000000000000cde        0x0 /usr/lib/gcc/avr/5.4.0/avr5/libgcc.a(_epilogue.o)
 .text.libgcc.div
                0x0000000000000cde        0x0 /usr/lib/gcc/avr/5.4.0/avr5/libgcc.a(_epilogue.o)
 .text.libgcc   0x0000000000000cde        0x0 /usr/lib/gcc/avr/5.4.0/avr5/libgcc.a(_epilogue.o)
 .text.libgcc.prologue
                0x0000000000000cde       0x36 /usr/lib/gcc/avr/5.4.0/avr5/libgcc.a(_epilogue.o)
                0x0000000000000cde                __epilogue_restores__
 .text.libgcc.builtins
                0x0000000000000d14        0x0 /usr/lib/gcc/avr/5.4.0/avr5/libgcc.a(_epilogue.o)
 .text.libgcc.fmul
                0x0000000000000d14        0x0 /usr/lib/gcc/avr/5.4.0/avr5/libgcc.a(_epilogue.o)
 .text.libgcc.fixed
                0x0000000000000d14        0x0 /usr/lib/gcc/avr/5.4.0/avr5/libgcc.a(_epilogue.o)
 .text.avr-libc
                0x0000000000000d14      0x29c /usr/lib/gcc/avr/5.4.0/../../../avr/lib/avr5/libc.a(strtod.o)
                0x0000000000000d14                strtod
 .text.avr-libc
                0x0000000000000fb0      0x1b0 /usr/lib/gcc/avr/5.4.0/../../../avr/lib/avr5/libc.a(ftoa_engine.o)
                0x0000000000000fb0                __ftoa_engine
 .text.avr-libc
                0x0000000000001160       0x12 /usr/lib/gcc/avr/5.4.0/../../../avr/lib/avr5/libc.a(isspace.o)
                0x0000000000001160                isspace
 .text.avr-libc
                0x0000000000001172       0x30 /usr/lib/gcc/avr/5.4.0/../../../avr/lib/avr5/libc.a(strncasecmp_P.o)
                0x0000000000001172                strncasecmp_P
 .text.avr-libc
                0x00000000000011a2       0x16 /usr/lib/gcc/avr/5.4.0/../../../avr/lib/avr5/libc.a(strnlen_P.o)
                0x00000000000011a2                strnlen_P
 .text.avr-libc
                0x00000000000011b8       0x1c /usr/lib/gcc/avr/5.4.0/../../../avr/lib/avr5/libc.a(strncmp.o)
                0x00000000000011b8                strncmp
 .text.avr-libc
                0x00000000000011d4       0x16 /usr/lib/gcc/avr/5.4.0/../../../avr/lib/avr5/libc.a(strnlen.o)
                0x00000000000011d4                strnlen
 .text.avr-libc
                0x00000000000011ea       0x78 /usr/lib/gcc/avr/5.4.0/../../../avr/lib/avr5/libc.a(fputc.o)
                0x00000000000011ea                fputc
 .text.avr-libc
                0x0000000000001262       0x44 /usr/lib/gcc/avr/5.4.0/../../../avr/lib/avr5/libc.a(sprintf.o)
                0x0000000000001262                sprintf
 .text.avr-libc
                0x00000000000012a6       0xbc /usr/lib/gcc/avr/5.4.0/../../../avr/lib/avr5/libc.a(ultoa_invert.o)
                0x00000000000012a6                __ultoa_invert
 .text.avr-libc.fplib
                0x0000000000001362        0xa /usr/lib/gcc/avr/5.4.0/../../../avr/lib/avr5/libc.a(cmpsf2.o)
                0x0000000000001362                __lesf2
                0x0000000000001362                __nesf2
                0x0000000000001362                __eqsf2
                0x0000000000001362                __cmpsf2
                0x0000000000001362                __ltsf2
 .text.avr-libc.fplib
                0x000000000000136c       0x48 /usr/lib/gcc/avr/5.4.0/../../../avr/lib/avr5/libc.a(fp_cmp.o)
                0x000000000000136c                __fp_cmp
 .text.avr-libc.fplib
                0x00000000000013b4        0x8 /usr/lib/gcc/avr/5.4.0/../../../avr/lib/avr5/libc.a(mulsf3.o)
                0x00000000000013b4                __mulsf3
 .text.avr-libc.fplib
                0x00000000000013bc       0xd2 /usr/lib/gcc/avr/5.4.0/../../../avr/lib/avr5/libc.a(mulsf3x.o)
                0x00000000000013da                __mulsf3x
                0x00000000000013e0                __mulsf3_pse
 .text.avr-libc
                0x000000000000148e        0x6 /usr/lib/gcc/avr/5.4.0/../../../avr/lib/avr5/libc.a(cty_isfalse.o)
                0x000000000000148e                __ctype_isfalse
                0x0000000000001492                __ctype_istrue
 .text.avr-libc.fplib
                0x0000000000001494        0xc /usr/lib/gcc/avr/5.4.0/../../../avr/lib/avr5/libc.a(fp_inf.o)
                0x0000000000001494                __fp_inf
 .text.avr-libc.fplib
                0x00000000000014a0        0x6 /usr/lib/gcc/avr/5.4.0/../../../avr/lib/avr5/libc.a(fp_nan.o)
                0x00000000000014a0                __fp_nan
 .text.avr-libc.fplib
                0x00000000000014a6        0xe /usr/lib/gcc/avr/5.4.0/../../../avr/lib/avr5/libc.a(fp_pscA.o)
                0x00000000000014a6                __fp_pscA
 .text.avr-libc.fplib
                0x00000000000014b4        0xe /usr/lib/gcc/avr/5.4.0/../../../avr/lib/avr5/libc.a(fp_pscB.o)
                0x00000000000014b4                __fp_pscB
 .text.avr-libc.fplib
                0x00000000000014c2       0x22 /usr/lib/gcc/avr/5.4.0/../../../avr/lib/avr5/libc.a(fp_round.o)
                0x00000000000014c2                __fp_round
 .text.libgcc.mul
                0x00000000000014e4       0x16 /usr/lib/gcc/avr/5.4.0/avr5/libgcc.a(_muluhisi3.o)
                0x00000000000014e4                __muluhisi3
 .text.libgcc.div
                0x00000000000014fa        0x0 /usr/lib/gcc/avr/5.4.0/avr5/libgcc.a(_muluhisi3.o)
 .text.libgcc   0x00000000000014fa        0x0 /usr/lib/gcc/avr/5.4.0/avr5/libgcc.a(_muluhisi3.o)
 .text.libgcc.prologue
                0x00000000000014fa        0x0 /usr/lib/gcc/avr/5.4.0/avr5/libgcc.a(_muluhisi3.o)
 .text.libgcc.builtins
                0x00000000000014fa        0x0 /usr/lib/gcc/avr/5.4.0/avr5/libgcc.a(_muluhisi3.o)
 .text.libgcc.fmul
                0x00000000000014fa        0x0 /usr/lib/gcc/avr/5.4.0/avr5/libgcc.a(_muluhisi3.o)
 .text.libgcc.fixed
                0x00000000000014fa        0x0 /usr/lib/gcc/avr/5.4.0/avr5/libgcc.a(_muluhisi3.o)
 .text.libgcc.mul
                0x00000000000014fa       0x1e /usr/lib/gcc/avr/5.4.0/avr5/libgcc.a(_umulhisi3.o)
                0x00000000000014fa                __umulhisi3
 .text.libgcc.div
                0x0000000000001518        0x0 /usr/lib/gcc/avr/5.4.0/avr5/libgcc.a(_umulhisi3.o)
 .text.libgcc   0x0000000000001518        0x0 /usr/lib/gcc/avr/5.4.0/avr5/libgcc.a(_umulhisi3.o)
 .text.libgcc.prologue
                0x0000000000001518        0x0 /usr/lib/gcc/avr/5.4.0/avr5/libgcc.a(_umulhisi3.o)
 .text.libgcc.builtins
                0x0000000000001518        0x0 /usr/lib/gcc/avr/5.4.0/avr5/libgcc.a(_umulhisi3.o)
 .text.libgcc.fmul
                0x0000000000001518        0x0 /usr/lib/gcc/avr/5.4.0/avr5/libgcc.a(_umulhisi3.o)
 .text.libgcc.fixed
                0x0000000000001518        0x0 /usr/lib/gcc/avr/5.4.0/avr5/libgcc.a(_umulhisi3.o)
                0x0000000000001518                . = ALIGN (0x2)
 *(.fini9)
 .fini9         0x0000000000001518        0x0 /usr/lib/gcc/avr/5.4.0/avr5/libgcc.a(_exit.o)
                0x0000000000001518                exit
                0x0000000000001518                _exit
 *(.fini9)
 *(.fini8)
 *(.fini8)
 *(.fini7)
 *(.fini7)
 *(.fini6)
 *(.fini6)
 *(.fini5)
 *(.fini5)
 *(.fini4)
 *(.fini4)
 *(.fini3)
 *(.fini3)
 *(.fini2)
 *(.fini2)
 *(.fini1)
 *(.fini1)
 *(.fini0)
 .fini0         0x0000000000001518        0x4 /usr/lib/gcc/avr/5.4.0/avr5/libgcc.a(_exit.o)
 *(.fini0)
                0x000000000000151c                _etext = .

.data           0x0000000000800060       0x66 load address 0x000000000000151c
                0x0000000000800060                PROVIDE (__data_start, .)
 *(.data)
 .data          0x0000000000800060        0x0 /usr/lib/gcc/avr/5.4.0/../../../avr/lib/avr5/crtatmega32.o
 .data          0x0000000000800060        0x0 main.o
 .data          0x0000000000800060       0x10 rs232.o
                0x0000000000800060                serout
 .data          0x0000000000800070        0x0 /usr/lib/gcc/avr/5.4.0/../../../avr/lib/avr5/libprintf_flt.a(vfprintf_flt.o)
 .data          0x0000000000800070        0x0 /usr/lib/gcc/avr/5.4.0/../../../avr/lib/avr5/libm.a(fixunssfsi.o)
 .data          0x0000000000800070        0x0 /usr/lib/gcc/avr/5.4.0/../../../avr/lib/avr5/libm.a(floatsisf.o)
 .data          0x0000000000800070        0x0 /usr/lib/gcc/avr/5.4.0/../../../avr/lib/avr5/libm.a(fp_split3.o)
 .data          0x0000000000800070        0x0 /usr/lib/gcc/avr/5.4.0/../../../avr/lib/avr5/libm.a(fp_zero.o)
 .data          0x0000000000800070        0x0 /usr/lib/gcc/avr/5.4.0/avr5/libgcc.a(_udivmodqi4.o)
 .data          0x0000000000800070        0x0 /usr/lib/gcc/avr/5.4.0/avr5/libgcc.a(_exit.o)
 .data          0x0000000000800070        0x0 /usr/lib/gcc/avr/5.4.0/avr5/libgcc.a(_copy_data.o)
 .data          0x0000000000800070        0x0 /usr/lib/gcc/avr/5.4.0/avr5/libgcc.a(_clear_bss.o)
 .data          0x0000000000800070        0x0 /usr/lib/gcc/avr/5.4.0/avr5/libgcc.a(_prologue.o)
 .data          0x0000000000800070        0x0 /usr/lib/gcc/avr/5.4.0/avr5/libgcc.a(_epilogue.o)
 .data          0x0000000000800070        0x0 /usr/lib/gcc/avr/5.4.0/../../../avr/lib/avr5/libc.a(strtod.o)
 .data          0x0000000000800070        0x0 /usr/lib/gcc/avr/5.4.0/../../../avr/lib/avr5/libc.a(ftoa_engine.o)
 .data          0x0000000000800070        0x0 /usr/lib/gcc/avr/5.4.0/../../../avr/lib/avr5/libc.a(isspace.o)
 .data          0x0000000000800070        0x0 /usr/lib/gcc/avr/5.4.0/../../../avr/lib/avr5/libc.a(strncasecmp_P.o)
 .data          0x0000000000800070        0x0 /usr/lib/gcc/avr/5.4.0/../../../avr/lib/avr5/libc.a(strnlen_P.o)
 .data          0x0000000000800070        0x0 /usr/lib/gcc/avr/5.4.0/../../../avr/lib/avr5/libc.a(strncmp.o)
 .data          0x0000000000800070        0x0 /usr/lib/gcc/avr/5.4.0/../../../avr/lib/avr5/libc.a(strnlen.o)
 .data          0x0000000000800070        0x0 /usr/lib/gcc/avr/5.4.0/../../../avr/lib/avr5/libc.a(fputc.o)
 .data          0x0000000000800070        0x0 /usr/lib/gcc/avr/5.4.0/../../../avr/lib/avr5/libc.a(sprintf.o)
 .data          0x0000000000800070        0x0 /usr/lib/gcc/avr/5.4.0/../../../avr/lib/avr5/libc.a(ultoa_invert.o)
 .data          0x0000000000800070        0x0 /usr/lib/gcc/avr/5.4.0/../../../avr/lib/avr5/libc.a(cmpsf2.o)
 .data          0x0000000000800070        0x0 /usr/lib/gcc/avr/5.4.0/../../../avr/lib/avr5/libc.a(fp_cmp.o)
 .data          0x0000000000800070        0x0 /usr/lib/gcc/avr/5.4.0/../../../avr/lib/avr5/libc.a(mulsf3.o)
 .data          0x0000000000800070        0x0 /usr/lib/gcc/avr/5.4.0/../../../avr/lib/avr5/libc.a(mulsf3x.o)
 .data          0x0000000000800070        0x0 /usr/lib/gcc/avr/5.4.0/../../../avr/lib/avr5/libc.a(errno.o)
 .data          0x0000000000800070        0x0 /usr/lib/gcc/avr/5.4.0/../../../avr/lib/avr5/libc.a(cty_isfalse.o)
 .data          0x0000000000800070        0x0 /usr/lib/gcc/avr/5.4.0/../../../avr/lib/avr5/libc.a(fp_inf.o)
 .data          0x0000000000800070        0x0 /usr/lib/gcc/avr/5.4.0/../../../avr/lib/avr5/libc.a(fp_nan.o)
 .data          0x0000000000800070        0x0 /usr/lib/gcc/avr/5.4.0/../../../avr/lib/avr5/libc.a(fp_pscA.o)
 .data          0x0000000000800070        0x0 /usr/lib/gcc/avr/5.4.0/../../../avr/lib/avr5/libc.a(fp_pscB.o)
 .data          0x0000000000800070        0x0 /usr/lib/gcc/avr/5.4.0/../../../avr/lib/avr5/libc.a(fp_round.o)
 .data          0x0000000000800070        0x0 /usr/lib/gcc/avr/5.4.0/avr5/libgcc.a(_muluhisi3.o)
 .data          0x0000000000800070        0x0 /usr/lib/gcc/avr/5.4.0/avr5/libgcc.a(_umulhisi3.o)
 *(.data*)
 *(.gnu.linkonce.d*)
 *(.rodata)
 *(.rodata*)
 .rodata.str1.1
                0x0000000000800070       0x47 main.o
                                         0x4f (size before relaxing)
 .rodata.str1.1
                0x00000000008000b7        0xf rs232.o
 *(.gnu.linkonce.r*)
                0x00000000008000c6                . = ALIGN (0x2)
                0x00000000008000c6                _edata = .
                0x00000000008000c6                PROVIDE (__data_end, .)

.bss            0x00000000008000c6       0xa9
                0x00000000008000c6                PROVIDE (__bss_start, .)
 *(.bss)
 .bss           0x00000000008000c6        0x0 /usr/lib/gcc/avr/5.4.0/../../../avr/lib/avr5/crtatmega32.o
 .bss           0x00000000008000c6        0x2 main.o
                0x00000000008000c6                led_status_changed
                0x00000000008000c7                led_status
 .bss           0x00000000008000c8        0x2 rs232.o
                0x00000000008000c8                transmission
                0x00000000008000c9                decode
 .bss           0x00000000008000ca        0x0 /usr/lib/gcc/avr/5.4.0/../../../avr/lib/avr5/libprintf_flt.a(vfprintf_flt.o)
 .bss           0x00000000008000ca        0x0 /usr/lib/gcc/avr/5.4.0/../../../avr/lib/avr5/libm.a(fixunssfsi.o)
 .bss           0x00000000008000ca        0x0 /usr/lib/gcc/avr/5.4.0/../../../avr/lib/avr5/libm.a(floatsisf.o)
 .bss           0x00000000008000ca        0x0 /usr/lib/gcc/avr/5.4.0/../../../avr/lib/avr5/libm.a(fp_split3.o)
 .bss           0x00000000008000ca        0x0 /usr/lib/gcc/avr/5.4.0/../../../avr/lib/avr5/libm.a(fp_zero.o)
 .bss           0x00000000008000ca        0x0 /usr/lib/gcc/avr/5.4.0/avr5/libgcc.a(_udivmodqi4.o)
 .bss           0x00000000008000ca        0x0 /usr/lib/gcc/avr/5.4.0/avr5/libgcc.a(_exit.o)
 .bss           0x00000000008000ca        0x0 /usr/lib/gcc/avr/5.4.0/avr5/libgcc.a(_copy_data.o)
 .bss           0x00000000008000ca        0x0 /usr/lib/gcc/avr/5.4.0/avr5/libgcc.a(_clear_bss.o)
 .bss           0x00000000008000ca        0x0 /usr/lib/gcc/avr/5.4.0/avr5/libgcc.a(_prologue.o)
 .bss           0x00000000008000ca        0x0 /usr/lib/gcc/avr/5.4.0/avr5/libgcc.a(_epilogue.o)
 .bss           0x00000000008000ca        0x0 /usr/lib/gcc/avr/5.4.0/../../../avr/lib/avr5/libc.a(strtod.o)
 .bss           0x00000000008000ca        0x0 /usr/lib/gcc/avr/5.4.0/../../../avr/lib/avr5/libc.a(ftoa_engine.o)
 .bss           0x00000000008000ca        0x0 /usr/lib/gcc/avr/5.4.0/../../../avr/lib/avr5/libc.a(isspace.o)
 .bss           0x00000000008000ca        0x0 /usr/lib/gcc/avr/5.4.0/../../../avr/lib/avr5/libc.a(strncasecmp_P.o)
 .bss           0x00000000008000ca        0x0 /usr/lib/gcc/avr/5.4.0/../../../avr/lib/avr5/libc.a(strnlen_P.o)
 .bss           0x00000000008000ca        0x0 /usr/lib/gcc/avr/5.4.0/../../../avr/lib/avr5/libc.a(strncmp.o)
 .bss           0x00000000008000ca        0x0 /usr/lib/gcc/avr/5.4.0/../../../avr/lib/avr5/libc.a(strnlen.o)
 .bss           0x00000000008000ca        0x0 /usr/lib/gcc/avr/5.4.0/../../../avr/lib/avr5/libc.a(fputc.o)
 .bss           0x00000000008000ca        0x0 /usr/lib/gcc/avr/5.4.0/../../../avr/lib/avr5/libc.a(sprintf.o)
 .bss           0x00000000008000ca        0x0 /usr/lib/gcc/avr/5.4.0/../../../avr/lib/avr5/libc.a(ultoa_invert.o)
 .bss           0x00000000008000ca        0x0 /usr/lib/gcc/avr/5.4.0/../../../avr/lib/avr5/libc.a(cmpsf2.o)
 .bss           0x00000000008000ca        0x0 /usr/lib/gcc/avr/5.4.0/../../../avr/lib/avr5/libc.a(fp_cmp.o)
 .bss           0x00000000008000ca        0x0 /usr/lib/gcc/avr/5.4.0/../../../avr/lib/avr5/libc.a(mulsf3.o)
 .bss           0x00000000008000ca        0x0 /usr/lib/gcc/avr/5.4.0/../../../avr/lib/avr5/libc.a(mulsf3x.o)
 .bss           0x00000000008000ca        0x0 /usr/lib/gcc/avr/5.4.0/../../../avr/lib/avr5/libc.a(errno.o)
 .bss           0x00000000008000ca        0x0 /usr/lib/gcc/avr/5.4.0/../../../avr/lib/avr5/libc.a(cty_isfalse.o)
 .bss           0x00000000008000ca        0x0 /usr/lib/gcc/avr/5.4.0/../../../avr/lib/avr5/libc.a(fp_inf.o)
 .bss           0x00000000008000ca        0x0 /usr/lib/gcc/avr/5.4.0/../../../avr/lib/avr5/libc.a(fp_nan.o)
 .bss           0x00000000008000ca        0x0 /usr/lib/gcc/avr/5.4.0/../../../avr/lib/avr5/libc.a(fp_pscA.o)
 .bss           0x00000000008000ca        0x0 /usr/lib/gcc/avr/5.4.0/../../../avr/lib/avr5/libc.a(fp_pscB.o)
 .bss           0x00000000008000ca        0x0 /usr/lib/gcc/avr/5.4.0/../../../avr/lib/avr5/libc.a(fp_round.o)
 .bss           0x00000000008000ca        0x0 /usr/lib/gcc/avr/5.4.0/avr5/libgcc.a(_muluhisi3.o)
 .bss           0x00000000008000ca        0x0 /usr/lib/gcc/avr/5.4.0/avr5/libgcc.a(_umulhisi3.o)
 *(.bss*)
 *(COMMON)
 COMMON         0x00000000008000ca       0xa3 rs232.o
                0x00000000008000ca                buf_out
                0x000000000080011a                bufor
                0x000000000080016a                psend
                0x000000000080016c                indeks
 COMMON         0x000000000080016d        0x2 /usr/lib/gcc/avr/5.4.0/../../../avr/lib/avr5/libc.a(errno.o)
                0x000000000080016d                errno
                0x000000000080016f                PROVIDE (__bss_end, .)
                0x000000000000151c                __data_load_start = LOADADDR (.data)
                0x0000000000001582                __data_load_end = (__data_load_start + SIZEOF (.data))

.noinit         0x000000000080016f        0x0
                [!provide]                        PROVIDE (__noinit_start, .)
 *(.noinit*)
                [!provide]                        PROVIDE (__noinit_end, .)
                0x000000000080016f                _end = .
                [!provide]                        PROVIDE (__heap_start, .)

.eeprom         0x0000000000810000        0x0
 *(.eeprom*)
                0x0000000000810000                __eeprom_end = .

.fuse
 *(.fuse)
 *(.lfuse)
 *(.hfuse)
 *(.efuse)

.lock
 *(.lock*)

.signature
 *(.signature*)

.user_signatures
 *(.user_signatures*)

.stab
 *(.stab)

.stabstr
 *(.stabstr)

.stab.excl
 *(.stab.excl)

.stab.exclstr
 *(.stab.exclstr)

.stab.index
 *(.stab.index)

.stab.indexstr
 *(.stab.indexstr)

.comment        0x0000000000000000       0x11
 *(.comment)
 .comment       0x0000000000000000       0x11 main.o
                                         0x12 (size before relaxing)
 .comment       0x0000000000000011       0x12 rs232.o
 .comment       0x0000000000000011       0x12 /usr/lib/gcc/avr/5.4.0/../../../avr/lib/avr5/libprintf_flt.a(vfprintf_flt.o)
 .comment       0x0000000000000011       0x12 /usr/lib/gcc/avr/5.4.0/../../../avr/lib/avr5/libc.a(strtod.o)
 .comment       0x0000000000000011       0x12 /usr/lib/gcc/avr/5.4.0/../../../avr/lib/avr5/libc.a(fputc.o)
 .comment       0x0000000000000011       0x12 /usr/lib/gcc/avr/5.4.0/../../../avr/lib/avr5/libc.a(sprintf.o)
 .comment       0x0000000000000011       0x12 /usr/lib/gcc/avr/5.4.0/../../../avr/lib/avr5/libc.a(errno.o)

.note.gnu.avr.deviceinfo
                0x0000000000000000       0x3c
 .note.gnu.avr.deviceinfo
                0x0000000000000000       0x3c /usr/lib/gcc/avr/5.4.0/../../../avr/lib/avr5/crtatmega32.o

.note.gnu.build-id
 *(.note.gnu.build-id)

.debug
 *(.debug)

.line
 *(.line)

.debug_srcinfo
 *(.debug_srcinfo)

.debug_sfnames
 *(.debug_sfnames)

.debug_aranges  0x0000000000000000       0x48
 *(.debug_aranges)
 .debug_aranges
                0x0000000000000000       0x28 main.o
 .debug_aranges
                0x0000000000000028       0x20 rs232.o

.debug_pubnames
 *(.debug_pubnames)

.debug_info     0x0000000000000000      0xb5c
 *(.debug_info .gnu.linkonce.wi.*)
 .debug_info    0x0000000000000000      0x4e6 /usr/lib/gcc/avr/5.4.0/../../../avr/lib/avr5/crtatmega32.o
 .debug_info    0x00000000000004e6      0x2f7 main.o
 .debug_info    0x00000000000007dd      0x37f rs232.o

.debug_abbrev   0x0000000000000000      0x7b7
 *(.debug_abbrev)
 .debug_abbrev  0x0000000000000000      0x4a3 /usr/lib/gcc/avr/5.4.0/../../../avr/lib/avr5/crtatmega32.o
 .debug_abbrev  0x00000000000004a3      0x114 main.o
 .debug_abbrev  0x00000000000005b7      0x200 rs232.o

.debug_line     0x0000000000000000      0x313
 *(.debug_line .debug_line.* .debug_line_end)
 .debug_line    0x0000000000000000       0x1a /usr/lib/gcc/avr/5.4.0/../../../avr/lib/avr5/crtatmega32.o
 .debug_line    0x000000000000001a      0x178 main.o
 .debug_line    0x0000000000000192      0x181 rs232.o

.debug_frame    0x0000000000000000      0x148
 *(.debug_frame)
 .debug_frame   0x0000000000000000       0x48 main.o
 .debug_frame   0x0000000000000048      0x100 rs232.o

.debug_str      0x0000000000000000      0x3c4
 *(.debug_str)
 .debug_str     0x0000000000000000      0x196 /usr/lib/gcc/avr/5.4.0/../../../avr/lib/avr5/crtatmega32.o
 .debug_str     0x0000000000000196      0x178 main.o
                                        0x1b1 (size before relaxing)
 .debug_str     0x000000000000030e       0xb6 rs232.o
                                        0x20a (size before relaxing)

.debug_loc      0x0000000000000000      0x2ec
 *(.debug_loc)
 .debug_loc     0x0000000000000000       0xb3 main.o
 .debug_loc     0x00000000000000b3      0x239 rs232.o

.debug_macinfo
 *(.debug_macinfo)

.debug_weaknames
 *(.debug_weaknames)

.debug_funcnames
 *(.debug_funcnames)

.debug_typenames
 *(.debug_typenames)

.debug_varnames
 *(.debug_varnames)

.debug_pubtypes
 *(.debug_pubtypes)

.debug_ranges   0x0000000000000000       0x18
 *(.debug_ranges)
 .debug_ranges  0x0000000000000000       0x18 main.o

.debug_macro
 *(.debug_macro)
OUTPUT(main.elf elf32-avr)
LOAD linker stubs

Cross Reference Table

Symbol                                            File
USART_init                                        rs232.o
                                                  main.o
USART_send                                        rs232.o
                                                  main.o
__FUSE_REGION_LENGTH__                            /usr/lib/gcc/avr/5.4.0/../../../avr/lib/avr5/crtatmega32.o
__bad_interrupt                                   /usr/lib/gcc/avr/5.4.0/../../../avr/lib/avr5/crtatmega32.o
__bss_end                                         /usr/lib/gcc/avr/5.4.0/avr5/libgcc.a(_clear_bss.o)
__bss_start                                       /usr/lib/gcc/avr/5.4.0/avr5/libgcc.a(_clear_bss.o)
__cmpsf2                                          /usr/lib/gcc/avr/5.4.0/../../../avr/lib/avr5/libc.a(cmpsf2.o)
__ctype_isfalse                                   /usr/lib/gcc/avr/5.4.0/../../../avr/lib/avr5/libc.a(cty_isfalse.o)
                                                  /usr/lib/gcc/avr/5.4.0/../../../avr/lib/avr5/libc.a(isspace.o)
__ctype_istrue                                    /usr/lib/gcc/avr/5.4.0/../../../avr/lib/avr5/libc.a(cty_isfalse.o)
__data_end                                        /usr/lib/gcc/avr/5.4.0/avr5/libgcc.a(_copy_data.o)
__data_load_start                                 /usr/lib/gcc/avr/5.4.0/avr5/libgcc.a(_copy_data.o)
__data_start                                      /usr/lib/gcc/avr/5.4.0/avr5/libgcc.a(_copy_data.o)
__do_clear_bss                                    /usr/lib/gcc/avr/5.4.0/avr5/libgcc.a(_clear_bss.o)
                                                  /usr/lib/gcc/avr/5.4.0/../../../avr/lib/avr5/libc.a(errno.o)
                                                  rs232.o
                                                  main.o
__do_copy_data                                    /usr/lib/gcc/avr/5.4.0/avr5/libgcc.a(_copy_data.o)
                                                  rs232.o
                                                  main.o
__epilogue_restores__                             /usr/lib/gcc/avr/5.4.0/avr5/libgcc.a(_epilogue.o)
                                                  /usr/lib/gcc/avr/5.4.0/../../../avr/lib/avr5/libc.a(sprintf.o)
                                                  /usr/lib/gcc/avr/5.4.0/../../../avr/lib/avr5/libc.a(strtod.o)
                                                  /usr/lib/gcc/avr/5.4.0/../../../avr/lib/avr5/libprintf_flt.a(vfprintf_flt.o)
__eqsf2                                           /usr/lib/gcc/avr/5.4.0/../../../avr/lib/avr5/libc.a(cmpsf2.o)
                                                  /usr/lib/gcc/avr/5.4.0/../../../avr/lib/avr5/libc.a(strtod.o)
__fixunssfsi                                      /usr/lib/gcc/avr/5.4.0/../../../avr/lib/avr5/libm.a(fixunssfsi.o)
                                                  main.o
__floatsisf                                       /usr/lib/gcc/avr/5.4.0/../../../avr/lib/avr5/libm.a(floatsisf.o)
                                                  main.o
__floatunsisf                                     /usr/lib/gcc/avr/5.4.0/../../../avr/lib/avr5/libm.a(floatsisf.o)
                                                  /usr/lib/gcc/avr/5.4.0/../../../avr/lib/avr5/libc.a(strtod.o)
__fp_cmp                                          /usr/lib/gcc/avr/5.4.0/../../../avr/lib/avr5/libc.a(fp_cmp.o)
                                                  /usr/lib/gcc/avr/5.4.0/../../../avr/lib/avr5/libc.a(cmpsf2.o)
__fp_inf                                          /usr/lib/gcc/avr/5.4.0/../../../avr/lib/avr5/libc.a(fp_inf.o)
                                                  /usr/lib/gcc/avr/5.4.0/../../../avr/lib/avr5/libc.a(mulsf3x.o)
__fp_nan                                          /usr/lib/gcc/avr/5.4.0/../../../avr/lib/avr5/libc.a(fp_nan.o)
                                                  /usr/lib/gcc/avr/5.4.0/../../../avr/lib/avr5/libc.a(mulsf3x.o)
__fp_pscA                                         /usr/lib/gcc/avr/5.4.0/../../../avr/lib/avr5/libc.a(fp_pscA.o)
                                                  /usr/lib/gcc/avr/5.4.0/../../../avr/lib/avr5/libc.a(mulsf3x.o)
__fp_pscB                                         /usr/lib/gcc/avr/5.4.0/../../../avr/lib/avr5/libc.a(fp_pscB.o)
                                                  /usr/lib/gcc/avr/5.4.0/../../../avr/lib/avr5/libc.a(mulsf3x.o)
__fp_round                                        /usr/lib/gcc/avr/5.4.0/../../../avr/lib/avr5/libc.a(fp_round.o)
                                                  /usr/lib/gcc/avr/5.4.0/../../../avr/lib/avr5/libc.a(mulsf3.o)
__fp_split3                                       /usr/lib/gcc/avr/5.4.0/../../../avr/lib/avr5/libm.a(fp_split3.o)
                                                  /usr/lib/gcc/avr/5.4.0/../../../avr/lib/avr5/libc.a(mulsf3x.o)
__fp_splitA                                       /usr/lib/gcc/avr/5.4.0/../../../avr/lib/avr5/libm.a(fp_split3.o)
                                                  /usr/lib/gcc/avr/5.4.0/../../../avr/lib/avr5/libm.a(fixunssfsi.o)
__fp_szero                                        /usr/lib/gcc/avr/5.4.0/../../../avr/lib/avr5/libm.a(fp_zero.o)
                                                  /usr/lib/gcc/avr/5.4.0/../../../avr/lib/avr5/libc.a(mulsf3x.o)
__fp_zero                                         /usr/lib/gcc/avr/5.4.0/../../../avr/lib/avr5/libm.a(fp_zero.o)
                                                  /usr/lib/gcc/avr/5.4.0/../../../avr/lib/avr5/libm.a(fixunssfsi.o)
__ftoa_engine                                     /usr/lib/gcc/avr/5.4.0/../../../avr/lib/avr5/libc.a(ftoa_engine.o)
                                                  /usr/lib/gcc/avr/5.4.0/../../../avr/lib/avr5/libprintf_flt.a(vfprintf_flt.o)
__heap_end                                        /usr/lib/gcc/avr/5.4.0/../../../avr/lib/avr5/crtatmega32.o
__init                                            /usr/lib/gcc/avr/5.4.0/../../../avr/lib/avr5/crtatmega32.o
__lesf2                                           /usr/lib/gcc/avr/5.4.0/../../../avr/lib/avr5/libc.a(cmpsf2.o)
__ltsf2                                           /usr/lib/gcc/avr/5.4.0/../../../avr/lib/avr5/libc.a(cmpsf2.o)
__mulsf3                                          /usr/lib/gcc/avr/5.4.0/../../../avr/lib/avr5/libc.a(mulsf3.o)
                                                  /usr/lib/gcc/avr/5.4.0/../../../avr/lib/avr5/libc.a(strtod.o)
__mulsf3_pse                                      /usr/lib/gcc/avr/5.4.0/../../../avr/lib/avr5/libc.a(mulsf3x.o)
__mulsf3x                                         /usr/lib/gcc/avr/5.4.0/../../../avr/lib/avr5/libc.a(mulsf3x.o)
                                                  /usr/lib/gcc/avr/5.4.0/../../../avr/lib/avr5/libc.a(mulsf3.o)
__muluhisi3                                       /usr/lib/gcc/avr/5.4.0/avr5/libgcc.a(_muluhisi3.o)
                                                  /usr/lib/gcc/avr/5.4.0/../../../avr/lib/avr5/libc.a(strtod.o)
__nesf2                                           /usr/lib/gcc/avr/5.4.0/../../../avr/lib/avr5/libc.a(cmpsf2.o)
                                                  /usr/lib/gcc/avr/5.4.0/../../../avr/lib/avr5/libc.a(strtod.o)
__prologue_saves__                                /usr/lib/gcc/avr/5.4.0/avr5/libgcc.a(_prologue.o)
                                                  /usr/lib/gcc/avr/5.4.0/../../../avr/lib/avr5/libc.a(sprintf.o)
                                                  /usr/lib/gcc/avr/5.4.0/../../../avr/lib/avr5/libc.a(strtod.o)
                                                  /usr/lib/gcc/avr/5.4.0/../../../avr/lib/avr5/libprintf_flt.a(vfprintf_flt.o)
__stack                                           /usr/lib/gcc/avr/5.4.0/../../../avr/lib/avr5/crtatmega32.o
__udivmodqi4                                      /usr/lib/gcc/avr/5.4.0/avr5/libgcc.a(_udivmodqi4.o)
                                                  main.o
__ultoa_invert                                    /usr/lib/gcc/avr/5.4.0/../../../avr/lib/avr5/libc.a(ultoa_invert.o)
                                                  /usr/lib/gcc/avr/5.4.0/../../../avr/lib/avr5/libprintf_flt.a(vfprintf_flt.o)
__umulhisi3                                       /usr/lib/gcc/avr/5.4.0/avr5/libgcc.a(_umulhisi3.o)
                                                  /usr/lib/gcc/avr/5.4.0/avr5/libgcc.a(_muluhisi3.o)
__vector_1                                        /usr/lib/gcc/avr/5.4.0/../../../avr/lib/avr5/crtatmega32.o
__vector_10                                       /usr/lib/gcc/avr/5.4.0/../../../avr/lib/avr5/crtatmega32.o
__vector_11                                       /usr/lib/gcc/avr/5.4.0/../../../avr/lib/avr5/crtatmega32.o
__vector_12                                       /usr/lib/gcc/avr/5.4.0/../../../avr/lib/avr5/crtatmega32.o
__vector_13                                       rs232.o
                                                  /usr/lib/gcc/avr/5.4.0/../../../avr/lib/avr5/crtatmega32.o
__vector_14                                       rs232.o
                                                  /usr/lib/gcc/avr/5.4.0/../../../avr/lib/avr5/crtatmega32.o
__vector_15                                       /usr/lib/gcc/avr/5.4.0/../../../avr/lib/avr5/crtatmega32.o
__vector_16                                       /usr/lib/gcc/avr/5.4.0/../../../avr/lib/avr5/crtatmega32.o
__vector_17                                       /usr/lib/gcc/avr/5.4.0/../../../avr/lib/avr5/crtatmega32.o
__vector_18                                       /usr/lib/gcc/avr/5.4.0/../../../avr/lib/avr5/crtatmega32.o
__vector_19                                       /usr/lib/gcc/avr/5.4.0/../../../avr/lib/avr5/crtatmega32.o
__vector_2                                        /usr/lib/gcc/avr/5.4.0/../../../avr/lib/avr5/crtatmega32.o
__vector_20                                       /usr/lib/gcc/avr/5.4.0/../../../avr/lib/avr5/crtatmega32.o
__vector_3                                        /usr/lib/gcc/avr/5.4.0/../../../avr/lib/avr5/crtatmega32.o
__vector_4                                        /usr/lib/gcc/avr/5.4.0/../../../avr/lib/avr5/crtatmega32.o
__vector_5                                        /usr/lib/gcc/avr/5.4.0/../../../avr/lib/avr5/crtatmega32.o
__vector_6                                        /usr/lib/gcc/avr/5.4.0/../../../avr/lib/avr5/crtatmega32.o
__vector_7                                        main.o
                                                  /usr/lib/gcc/avr/5.4.0/../../../avr/lib/avr5/crtatmega32.o
__vector_8                                        /usr/lib/gcc/avr/5.4.0/../../../avr/lib/avr5/crtatmega32.o
__vector_9                                        /usr/lib/gcc/avr/5.4.0/../../../avr/lib/avr5/crtatmega32.o
__vector_default                                  /usr/lib/gcc/avr/5.4.0/../../../avr/lib/avr5/crtatmega32.o
__vectors                                         /usr/lib/gcc/avr/5.4.0/../../../avr/lib/avr5/crtatmega32.o
_exit                                             /usr/lib/gcc/avr/5.4.0/avr5/libgcc.a(_exit.o)
ack                                               rs232.o
                                                  main.o
buf_out                                           rs232.o
bufor                                             rs232.o
                                                  main.o
decode                                            rs232.o
                                                  main.o
errno                                             /usr/lib/gcc/avr/5.4.0/../../../avr/lib/avr5/libc.a(errno.o)
                                                  /usr/lib/gcc/avr/5.4.0/../../../avr/lib/avr5/libc.a(strtod.o)
exit                                              /usr/lib/gcc/avr/5.4.0/avr5/libgcc.a(_exit.o)
                                                  /usr/lib/gcc/avr/5.4.0/../../../avr/lib/avr5/crtatmega32.o
fputc                                             /usr/lib/gcc/avr/5.4.0/../../../avr/lib/avr5/libc.a(fputc.o)
                                                  /usr/lib/gcc/avr/5.4.0/../../../avr/lib/avr5/libprintf_flt.a(vfprintf_flt.o)
indeks                                            rs232.o
isspace                                           /usr/lib/gcc/avr/5.4.0/../../../avr/lib/avr5/libc.a(isspace.o)
                                                  /usr/lib/gcc/avr/5.4.0/../../../avr/lib/avr5/libc.a(strtod.o)
led_status                                        main.o
led_status_changed                                main.o
main                                              main.o
                                                  /usr/lib/gcc/avr/5.4.0/../../../avr/lib/avr5/crtatmega32.o
psend                                             rs232.o
reset_buffer                                      rs232.o
                                                  main.o
send_double                                       rs232.o
                                                  main.o
serout                                            rs232.o
sprintf                                           /usr/lib/gcc/avr/5.4.0/../../../avr/lib/avr5/libc.a(sprintf.o)
                                                  rs232.o
strncasecmp_P                                     /usr/lib/gcc/avr/5.4.0/../../../avr/lib/avr5/libc.a(strncasecmp_P.o)
                                                  /usr/lib/gcc/avr/5.4.0/../../../avr/lib/avr5/libc.a(strtod.o)
strncmp                                           /usr/lib/gcc/avr/5.4.0/../../../avr/lib/avr5/libc.a(strncmp.o)
                                                  main.o
strnlen                                           /usr/lib/gcc/avr/5.4.0/../../../avr/lib/avr5/libc.a(strnlen.o)
                                                  /usr/lib/gcc/avr/5.4.0/../../../avr/lib/avr5/libprintf_flt.a(vfprintf_flt.o)
strnlen_P                                         /usr/lib/gcc/avr/5.4.0/../../../avr/lib/avr5/libc.a(strnlen_P.o)
                                                  /usr/lib/gcc/avr/5.4.0/../../../avr/lib/avr5/libprintf_flt.a(vfprintf_flt.o)
strtod                                            /usr/lib/gcc/avr/5.4.0/../../../avr/lib/avr5/libc.a(strtod.o)
                                                  main.o
transmission                                      rs232.o
vfprintf                                          /usr/lib/gcc/avr/5.4.0/../../../avr/lib/avr5/libprintf_flt.a(vfprintf_flt.o)
                                                  /usr/lib/gcc/avr/5.4.0/../../../avr/lib/avr5/libc.a(sprintf.o)
